ts=2026-04-23T07:12:57.1945155Z|cat=RAW|msg_b64=PT09PT09PT09PT09PT09PT09PT09PT09PT09PT09PT09PT09PT09PT09PT09PT09PQ==|prev=GENESIS|hash=7B8487D574716A7F240430FBD6089F0B8231B8B91EBD6AF1E3CC5EC1391E9CE4
ts=2026-04-23T07:12:57.1965195Z|cat=RAW|msg_b64=R0NTIFNlc3Npb24gU3RhcnRlZDogMjMtMDQtMjAyNiAxMjo0Mjo1Nw==|prev=7B8487D574716A7F240430FBD6089F0B8231B8B91EBD6AF1E3CC5EC1391E9CE4|hash=B57409EFC0BE4C05F17DD831EDDF64AD92D7608A84B5A98A4CEBB03DC538152D
ts=2026-04-23T07:12:57.1965195Z|cat=RAW|msg_b64=PT09PT09PT09PT09PT09PT09PT09PT09PT09PT09PT09PT09PT09PT09PT09PT09PQ==|prev=B57409EFC0BE4C05F17DD831EDDF64AD92D7608A84B5A98A4CEBB03DC538152D|hash=E0099CAE1151DC32E6F70357AB94ACF1FDEA97F431BDDD9E2FF29D94C27C7E26
ts=2026-04-23T07:12:57.1965195Z|cat=SESSION|msg_b64=VGVsZW1ldHJ5IGxvZ2dlciBzdGFydGVkLg==|prev=E0099CAE1151DC32E6F70357AB94ACF1FDEA97F431BDDD9E2FF29D94C27C7E26|hash=F35F813FBC27D06B3145C507E3348AC649B57F28D176942F01E60C7E9696FED4
ts=2026-04-23T07:12:57.5602873Z|cat=FIRMWARE|msg_b64=RmlybXdhcmVUYWIgY29udGV4dCBhdHRhY2hlZC4=|prev=F35F813FBC27D06B3145C507E3348AC649B57F28D176942F01E60C7E9696FED4|hash=B9A86E0B937E39AA35C809905DDDF295A197F6621CDB5F25F7AC6266E499EA08
ts=2026-04-23T07:12:57.5602873Z|cat=FIRMWARE|msg_b64=TUFWIG9iamVjdDogT0s=|prev=B9A86E0B937E39AA35C809905DDDF295A197F6621CDB5F25F7AC6266E499EA08|hash=FA32C13DC98BFC975C59BDDB3DE65AB1DF98876BF273B0A68A68D093354417F9
ts=2026-04-23T07:13:14.6657364Z|cat=FIRMWARE|msg_b64=RmlybXdhcmUgaW5mbyB1cGRhdGVkOiBib2FyZD1Cb2FyZElkLTU2IGlkPTU2|prev=FA32C13DC98BFC975C59BDDB3DE65AB1DF98876BF273B0A68A68D093354417F9|hash=CC798AAB5591BC0B736F71F52283724A7754D0A640106F8445F0A990C25F2472
ts=2026-04-23T07:13:14.8432123Z|cat=FIRMWARE|msg_b64=W1ZFUklGWS1BVVRPXSBUcmlnZ2VyZWQgb24gY29ubmVjdCBmb3IgcG9ydCBDT00xMS4=|prev=CC798AAB5591BC0B736F71F52283724A7754D0A640106F8445F0A990C25F2472|hash=01832687140B9BC3853CC5797406BF50BAC250DBEC259B83438F6955A3D691B9
ts=2026-04-23T07:13:14.8447152Z|cat=FIRMWARE|msg_b64=W1ZFUklGWS1BVVRPXSBTa2lwcGVkOiBzaWduZWQgZmlybXdhcmUgQVBKIG5vdCBmb3VuZC4=|prev=01832687140B9BC3853CC5797406BF50BAC250DBEC259B83438F6955A3D691B9|hash=ABA18830A3EBF1818D63CFD565C301B127ADF919B5FB59FA22E83E6E385CE6CB
ts=2026-04-23T07:13:18.7183604Z|cat=FIRMWARE|msg_b64=UmVhZHkuIENsaWNrIFJlZnJlc2ggRmlybXdhcmUgdG8gbG9hZCBtYW5pZmVzdC4=|prev=ABA18830A3EBF1818D63CFD565C301B127ADF919B5FB59FA22E83E6E385CE6CB|hash=BB7ABAEF3261870E1A0926A78FB0E08319CE5BE4AD788E6DA7EAE38F1BA63749
ts=2026-04-23T07:14:38.9870142Z|cat=RAW|msg_b64=PT09PT09PT09PT09PT09PT09PT09PT09PT09PT09PT09PT09PT09PT09PT09PT09PQ==|prev=BB7ABAEF3261870E1A0926A78FB0E08319CE5BE4AD788E6DA7EAE38F1BA63749|hash=1C00276192506F0DE8AF951153483C7E6C5F943CBCB9225B8B29B3E7428CE445
ts=2026-04-23T07:14:38.9880437Z|cat=RAW|msg_b64=R0NTIFNlc3Npb24gU3RhcnRlZDogMjMtMDQtMjAyNiAxMjo0NDozOA==|prev=1C00276192506F0DE8AF951153483C7E6C5F943CBCB9225B8B29B3E7428CE445|hash=4CC18AEA9A337D21E405C977AE550B8C334F8A2C9BEBEC04393642958BDEAD34
ts=2026-04-23T07:14:38.9890559Z|cat=RAW|msg_b64=PT09PT09PT09PT09PT09PT09PT09PT09PT09PT09PT09PT09PT09PT09PT09PT09PQ==|prev=4CC18AEA9A337D21E405C977AE550B8C334F8A2C9BEBEC04393642958BDEAD34|hash=48504271C6C134C096A0B5A8DF97D13BFC89B2688916C028FC2ED98B09B246A4
ts=2026-04-23T07:14:38.9890559Z|cat=SESSION|msg_b64=VGVsZW1ldHJ5IGxvZ2dlciBzdGFydGVkLg==|prev=48504271C6C134C096A0B5A8DF97D13BFC89B2688916C028FC2ED98B09B246A4|hash=7F7E023F7836592B622B958DB3436533E19A3F0680C3832B9BFD125C25C3F364
ts=2026-04-23T07:14:39.3168303Z|cat=FIRMWARE|msg_b64=RmlybXdhcmVUYWIgY29udGV4dCBhdHRhY2hlZC4=|prev=7F7E023F7836592B622B958DB3436533E19A3F0680C3832B9BFD125C25C3F364|hash=B1583A636D5F440B189713EE3887AD57CDFEAC85FFD692F2F0C3D412375185DC
ts=2026-04-23T07:14:39.3168303Z|cat=FIRMWARE|msg_b64=TUFWIG9iamVjdDogT0s=|prev=B1583A636D5F440B189713EE3887AD57CDFEAC85FFD692F2F0C3D412375185DC|hash=74D7AF5D83E6D6777DF11B456886167DE73331C479D6D9699E55DDA4E2D61163
ts=2026-04-23T07:15:09.4466312Z|cat=FIRMWARE|msg_b64=RmlybXdhcmUgaW5mbyB1cGRhdGVkOiBib2FyZD1Cb2FyZElkLTU2IGlkPTU2|prev=74D7AF5D83E6D6777DF11B456886167DE73331C479D6D9699E55DDA4E2D61163|hash=676FD2242B0812971B57BAD903B8B304A09674F2BBABD7D3DE0891E6881EE9E3
ts=2026-04-23T07:15:09.6191283Z|cat=FIRMWARE|msg_b64=W1ZFUklGWS1BVVRPXSBUcmlnZ2VyZWQgb24gY29ubmVjdCBmb3IgcG9ydCBDT00xMS4=|prev=676FD2242B0812971B57BAD903B8B304A09674F2BBABD7D3DE0891E6881EE9E3|hash=729E37D2BD1EF169D38B48A8CC5A58B0847092EFB1D17BCC87796A0203987475
ts=2026-04-23T07:15:09.6216435Z|cat=FIRMWARE|msg_b64=W1ZFUklGWS1BVVRPXSBTa2lwcGVkOiBzaWduZWQgZmlybXdhcmUgQVBKIG5vdCBmb3VuZC4=|prev=729E37D2BD1EF169D38B48A8CC5A58B0847092EFB1D17BCC87796A0203987475|hash=F5543AB1DCA56F795CB2C0E61EB0E5BAF263BF08548FEE23BD3E5A8D4500511F
ts=2026-04-23T07:15:11.1937812Z|cat=FIRMWARE|msg_b64=UmVhZHkuIENsaWNrIFJlZnJlc2ggRmlybXdhcmUgdG8gbG9hZCBtYW5pZmVzdC4=|prev=F5543AB1DCA56F795CB2C0E61EB0E5BAF263BF08548FEE23BD3E5A8D4500511F|hash=E029FD18F0EBE6FF84E39F8D9E45AB821E97D7B81FA0A1DEA4F108DC659AD2AF
ts=2026-04-23T07:16:29.3954247Z|cat=FIRMWARE|msg_b64=W1ZFUklGWS1BVVRPXSBUcmlnZ2VyZWQgb24gY29ubmVjdCBmb3IgcG9ydCBDT00xMS4=|prev=E029FD18F0EBE6FF84E39F8D9E45AB821E97D7B81FA0A1DEA4F108DC659AD2AF|hash=BFCDD1FB30C97B83C456D02ABAE846840C4CE11A5F76C3989F68448DB2BB50EF
ts=2026-04-23T07:16:29.3954247Z|cat=FIRMWARE|msg_b64=W1ZFUklGWS1BVVRPXSBTa2lwcGVkOiBzaWduZWQgZmlybXdhcmUgQVBKIG5vdCBmb3VuZC4=|prev=BFCDD1FB30C97B83C456D02ABAE846840C4CE11A5F76C3989F68448DB2BB50EF|hash=903C7A66D56001E26A0F48322B7B65B2E906E59646BC040678AC6FE9DABA134E
ts=2026-04-23T07:16:35.5438243Z|cat=SESSION|msg_b64=VGVsZW1ldHJ5IGxvZ2dlciBzdG9wcGVkLg==|prev=903C7A66D56001E26A0F48322B7B65B2E906E59646BC040678AC6FE9DABA134E|hash=5B9ED3A6BCE88DF1B4E90FC6A35EF91AF4E430EEC0C75BF24D7192AAC2681E77
ts=2026-04-23T07:25:25.2992986Z|cat=RAW|msg_b64=PT09PT09PT09PT09PT09PT09PT09PT09PT09PT09PT09PT09PT09PT09PT09PT09PQ==|prev=5B9ED3A6BCE88DF1B4E90FC6A35EF91AF4E430EEC0C75BF24D7192AAC2681E77|hash=EFD20FD6ACB7D808E9A51BA1C561E281EA60875EFD1844782918B5699DA07AD9
ts=2026-04-23T07:25:25.3012982Z|cat=RAW|msg_b64=R0NTIFNlc3Npb24gU3RhcnRlZDogMjMtMDQtMjAyNiAxMjo1NToyNQ==|prev=EFD20FD6ACB7D808E9A51BA1C561E281EA60875EFD1844782918B5699DA07AD9|hash=022B87FE5CBD0F730968EA6B0D92FD9B32919227316C3D09815A93682519F160
ts=2026-04-23T07:25:25.3012982Z|cat=RAW|msg_b64=PT09PT09PT09PT09PT09PT09PT09PT09PT09PT09PT09PT09PT09PT09PT09PT09PQ==|prev=022B87FE5CBD0F730968EA6B0D92FD9B32919227316C3D09815A93682519F160|hash=92AA182A72C0922219EFE23959F0FA477C541913A47178F6D9D67823E1ECCEEB
ts=2026-04-23T07:25:25.3012982Z|cat=SESSION|msg_b64=VGVsZW1ldHJ5IGxvZ2dlciBzdGFydGVkLg==|prev=92AA182A72C0922219EFE23959F0FA477C541913A47178F6D9D67823E1ECCEEB|hash=EB6AA421D9EA858D9FFA30B4BCE04A6149C75811C60C69648E28977E0B98D93C
ts=2026-04-23T07:25:25.6719858Z|cat=FIRMWARE|msg_b64=RmlybXdhcmVUYWIgY29udGV4dCBhdHRhY2hlZC4=|prev=EB6AA421D9EA858D9FFA30B4BCE04A6149C75811C60C69648E28977E0B98D93C|hash=655B5AF075E32D1C98DC26ADB8616D77ED776528BA0D6853F2208F706743CA21
ts=2026-04-23T07:25:25.6719858Z|cat=FIRMWARE|msg_b64=TUFWIG9iamVjdDogT0s=|prev=655B5AF075E32D1C98DC26ADB8616D77ED776528BA0D6853F2208F706743CA21|hash=818E02A7CE8466B100534B60C1A5E23EAD2BA86B0E03074767803D9254E36A9F
ts=2026-04-23T07:28:14.8529078Z|cat=FIRMWARE|msg_b64=RmlybXdhcmUgaW5mbyB1cGRhdGVkOiBib2FyZD1Cb2FyZElkLTU2IGlkPTU2|prev=818E02A7CE8466B100534B60C1A5E23EAD2BA86B0E03074767803D9254E36A9F|hash=BD15847A0AFA424540A42B62A24DD865A8CA8141676F0066711D2BEB78E58183
ts=2026-04-23T07:28:15.0168750Z|cat=FIRMWARE|msg_b64=W1ZFUklGWS1BVVRPXSBUcmlnZ2VyZWQgb24gY29ubmVjdCBmb3IgcG9ydCBDT00xMS4=|prev=BD15847A0AFA424540A42B62A24DD865A8CA8141676F0066711D2BEB78E58183|hash=0FEB2090925BC690A41E966B59B1781C22C0018F19144C171B3A40AF810166B1
ts=2026-04-23T07:28:15.0198755Z|cat=FIRMWARE|msg_b64=W1ZFUklGWS1BVVRPXSBTa2lwcGVkOiBzaWduZWQgZmlybXdhcmUgQVBKIG5vdCBmb3VuZC4=|prev=0FEB2090925BC690A41E966B59B1781C22C0018F19144C171B3A40AF810166B1|hash=26D9A0992289C79953425BD77AC5419CC7819DFFA41BF00F00E8A829B5B9513B
ts=2026-04-23T07:30:45.3251620Z|cat=SESSION|msg_b64=VGVsZW1ldHJ5IGxvZ2dlciBzdG9wcGVkLg==|prev=26D9A0992289C79953425BD77AC5419CC7819DFFA41BF00F00E8A829B5B9513B|hash=7AAE53432200C28DB20AE74CA2C27E991CB4894967722DD840E757080475BBB4
ts=2026-04-23T07:31:26.3559757Z|cat=RAW|msg_b64=PT09PT09PT09PT09PT09PT09PT09PT09PT09PT09PT09PT09PT09PT09PT09PT09PQ==|prev=7AAE53432200C28DB20AE74CA2C27E991CB4894967722DD840E757080475BBB4|hash=C4088951A4B602EBC1E765D938C75043EC47C138F3AA1DD204446FF76CB3BF38
ts=2026-04-23T07:31:26.3569782Z|cat=RAW|msg_b64=R0NTIFNlc3Npb24gU3RhcnRlZDogMjMtMDQtMjAyNiAxMzowMToyNg==|prev=C4088951A4B602EBC1E765D938C75043EC47C138F3AA1DD204446FF76CB3BF38|hash=268A147FB8E736FB369BAF04C1DF8DCB03E554CB6A68764BC9CFB71761BC12CC
ts=2026-04-23T07:31:26.3569782Z|cat=RAW|msg_b64=PT09PT09PT09PT09PT09PT09PT09PT09PT09PT09PT09PT09PT09PT09PT09PT09PQ==|prev=268A147FB8E736FB369BAF04C1DF8DCB03E554CB6A68764BC9CFB71761BC12CC|hash=77FA0A9EA34B01540FA3730242B044FA5B8BEDE25ADDDA9764F48C7A42353BF3
ts=2026-04-23T07:31:26.3579780Z|cat=SESSION|msg_b64=VGVsZW1ldHJ5IGxvZ2dlciBzdGFydGVkLg==|prev=77FA0A9EA34B01540FA3730242B044FA5B8BEDE25ADDDA9764F48C7A42353BF3|hash=76C4B474CB64C31DD06A3BEA7BDA437E15F7052B9B825150FE64E9E06662262A
ts=2026-04-23T07:31:26.6834986Z|cat=FIRMWARE|msg_b64=RmlybXdhcmVUYWIgY29udGV4dCBhdHRhY2hlZC4=|prev=76C4B474CB64C31DD06A3BEA7BDA437E15F7052B9B825150FE64E9E06662262A|hash=9B7639D3861555AA32BEBA737EFD9481462C7384ECD0B861CF8936963AE29517
ts=2026-04-23T07:31:26.6834986Z|cat=FIRMWARE|msg_b64=TUFWIG9iamVjdDogT0s=|prev=9B7639D3861555AA32BEBA737EFD9481462C7384ECD0B861CF8936963AE29517|hash=6A9EE70A9B6B66A01495C4A6D1676AB06354B24676388342D72197EB9510849F
ts=2026-04-23T07:31:31.4307742Z|cat=FIRMWARE|msg_b64=RmlybXdhcmUgaW5mbyB1cGRhdGVkOiBib2FyZD1Cb2FyZElkLTU2IGlkPTU2|prev=6A9EE70A9B6B66A01495C4A6D1676AB06354B24676388342D72197EB9510849F|hash=871F6403241444B6D5FF8DE693504608EDFFB648CEC4D97B9B9435F9B1C20587
ts=2026-04-23T07:31:31.5922933Z|cat=FIRMWARE|msg_b64=W1ZFUklGWS1BVVRPXSBUcmlnZ2VyZWQgb24gY29ubmVjdCBmb3IgcG9ydCBDT00xMS4=|prev=871F6403241444B6D5FF8DE693504608EDFFB648CEC4D97B9B9435F9B1C20587|hash=E27229D0A1B9B9567AF2ECDF36F05CFB37E84E6AFD9FEB19B53CDE625A88F8D8
ts=2026-04-23T07:31:31.5948082Z|cat=FIRMWARE|msg_b64=W1ZFUklGWS1BVVRPXSBTa2lwcGVkOiBzaWduZWQgZmlybXdhcmUgQVBKIG5vdCBmb3VuZC4=|prev=E27229D0A1B9B9567AF2ECDF36F05CFB37E84E6AFD9FEB19B53CDE625A88F8D8|hash=B60A3FB5F0BF8F6AE3FBF3C25763B46535F47C75A9594B37AD39266903B414C1
ts=2026-04-23T07:31:49.0106126Z|cat=SESSION|msg_b64=VGVsZW1ldHJ5IGxvZ2dlciBzdG9wcGVkLg==|prev=B60A3FB5F0BF8F6AE3FBF3C25763B46535F47C75A9594B37AD39266903B414C1|hash=6E29F8FB95FF99F5DB5C44B74B3905E11F9BC14CFED2D6A7D02F6F8AE5A88712
ts=2026-04-23T07:32:36.5733010Z|cat=RAW|msg_b64=PT09PT09PT09PT09PT09PT09PT09PT09PT09PT09PT09PT09PT09PT09PT09PT09PQ==|prev=6E29F8FB95FF99F5DB5C44B74B3905E11F9BC14CFED2D6A7D02F6F8AE5A88712|hash=8E24B568B331F52BCA4440627B7BC4E2C307156D9B73CF6D18EDF7B328891BAE
ts=2026-04-23T07:32:36.5748022Z|cat=RAW|msg_b64=R0NTIFNlc3Npb24gU3RhcnRlZDogMjMtMDQtMjAyNiAxMzowMjozNg==|prev=8E24B568B331F52BCA4440627B7BC4E2C307156D9B73CF6D18EDF7B328891BAE|hash=885EF06827DC8ADB63A9E0488A0220CAF1579FD4600AF7A61E345B4A6C0A9FDD
ts=2026-04-23T07:32:36.5748022Z|cat=RAW|msg_b64=PT09PT09PT09PT09PT09PT09PT09PT09PT09PT09PT09PT09PT09PT09PT09PT09PQ==|prev=885EF06827DC8ADB63A9E0488A0220CAF1579FD4600AF7A61E345B4A6C0A9FDD|hash=553175F12D406E2DCF251520FEBFF36A24265408C22CA2698ABAEBBB64C0A1A4
ts=2026-04-23T07:32:36.5748022Z|cat=SESSION|msg_b64=VGVsZW1ldHJ5IGxvZ2dlciBzdGFydGVkLg==|prev=553175F12D406E2DCF251520FEBFF36A24265408C22CA2698ABAEBBB64C0A1A4|hash=0C750FB814FB92F4E485290A07AB99653EF7C6A964DAF3720BEAE7AB3D9F50D3
ts=2026-04-23T07:32:36.9406107Z|cat=FIRMWARE|msg_b64=RmlybXdhcmVUYWIgY29udGV4dCBhdHRhY2hlZC4=|prev=0C750FB814FB92F4E485290A07AB99653EF7C6A964DAF3720BEAE7AB3D9F50D3|hash=B4E5B5FE8B748DFE622424A0718439807D74409263284FC26036B97E7F7189C9
ts=2026-04-23T07:32:36.9406107Z|cat=FIRMWARE|msg_b64=TUFWIG9iamVjdDogT0s=|prev=B4E5B5FE8B748DFE622424A0718439807D74409263284FC26036B97E7F7189C9|hash=2DFE438C13B601D185876DAD9DC91A1D61D8DBEEE073A4A54B1A3B1C6A59F814
ts=2026-04-23T07:32:41.3566579Z|cat=FIRMWARE|msg_b64=RmlybXdhcmUgaW5mbyB1cGRhdGVkOiBib2FyZD1Cb2FyZElkLTU2IGlkPTU2|prev=2DFE438C13B601D185876DAD9DC91A1D61D8DBEEE073A4A54B1A3B1C6A59F814|hash=0DEC8489B07ADE4CED84878CE7246F9A1903B93C15FABA727B5D34F10F4DB398
ts=2026-04-23T07:32:41.5306595Z|cat=FIRMWARE|msg_b64=W1ZFUklGWS1BVVRPXSBUcmlnZ2VyZWQgb24gY29ubmVjdCBmb3IgcG9ydCBDT00xMS4=|prev=0DEC8489B07ADE4CED84878CE7246F9A1903B93C15FABA727B5D34F10F4DB398|hash=789266099A5669044469976CC85100F5C5D67140AAFBA96B54A08DA1BDBDB84E
ts=2026-04-23T07:32:41.5326595Z|cat=FIRMWARE|msg_b64=W1ZFUklGWS1BVVRPXSBTa2lwcGVkOiBzaWduZWQgZmlybXdhcmUgQVBKIG5vdCBmb3VuZC4=|prev=789266099A5669044469976CC85100F5C5D67140AAFBA96B54A08DA1BDBDB84E|hash=6D169FF387DAA0D0C27BED94F31A4DD4D3437BED6D24049063A400CEDCF249EB
ts=2026-04-23T07:32:49.3780216Z|cat=SESSION|msg_b64=VGVsZW1ldHJ5IGxvZ2dlciBzdG9wcGVkLg==|prev=6D169FF387DAA0D0C27BED94F31A4DD4D3437BED6D24049063A400CEDCF249EB|hash=418F05347C074CD22B48A01A1564EBB933408BD250BC801B7BFEAA2D60C16956
ts=2026-04-23T07:33:55.6692008Z|cat=RAW|msg_b64=PT09PT09PT09PT09PT09PT09PT09PT09PT09PT09PT09PT09PT09PT09PT09PT09PQ==|prev=418F05347C074CD22B48A01A1564EBB933408BD250BC801B7BFEAA2D60C16956|hash=50B961841D129C066B0F2757CF35964F29AEAA135BC33FBED68834061DCEB3EB
ts=2026-04-23T07:33:55.6712006Z|cat=RAW|msg_b64=R0NTIFNlc3Npb24gU3RhcnRlZDogMjMtMDQtMjAyNiAxMzowMzo1NQ==|prev=50B961841D129C066B0F2757CF35964F29AEAA135BC33FBED68834061DCEB3EB|hash=900D0A38F91B79D373431334C4629130D35029A99D67201F347914ECAEECFACC
ts=2026-04-23T07:33:55.6712006Z|cat=RAW|msg_b64=PT09PT09PT09PT09PT09PT09PT09PT09PT09PT09PT09PT09PT09PT09PT09PT09PQ==|prev=900D0A38F91B79D373431334C4629130D35029A99D67201F347914ECAEECFACC|hash=6E752914CCD7EB3E5E2D641A283A197CADBF82926B10D485C6BAEB0829E46FD5
ts=2026-04-23T07:33:55.6712006Z|cat=SESSION|msg_b64=VGVsZW1ldHJ5IGxvZ2dlciBzdGFydGVkLg==|prev=6E752914CCD7EB3E5E2D641A283A197CADBF82926B10D485C6BAEB0829E46FD5|hash=EDCFC9D18912AC583D23C374F9FF7B8BF5F19EA756CCAFF2DA4D96C09A6C2409
ts=2026-04-23T07:33:55.9989512Z|cat=FIRMWARE|msg_b64=RmlybXdhcmVUYWIgY29udGV4dCBhdHRhY2hlZC4=|prev=EDCFC9D18912AC583D23C374F9FF7B8BF5F19EA756CCAFF2DA4D96C09A6C2409|hash=79C87E10C74E1A4D588FE07554C74B63495DAA308A937528DEACEA94EF9B70F0
ts=2026-04-23T07:33:55.9989512Z|cat=FIRMWARE|msg_b64=TUFWIG9iamVjdDogT0s=|prev=79C87E10C74E1A4D588FE07554C74B63495DAA308A937528DEACEA94EF9B70F0|hash=5B470143F87086341CC88FB261996735CB6971C691674B4C5E645E983A7E8B1D
ts=2026-04-23T07:34:00.1179059Z|cat=FIRMWARE|msg_b64=RmlybXdhcmUgaW5mbyB1cGRhdGVkOiBib2FyZD1Cb2FyZElkLTU2IGlkPTU2|prev=5B470143F87086341CC88FB261996735CB6971C691674B4C5E645E983A7E8B1D|hash=18ABE213F4CCA313DA6EF7097A96EDA543DD5D15EC4E8B3E5EB8218C4DC3E0A7
ts=2026-04-23T07:34:00.2716211Z|cat=FIRMWARE|msg_b64=W1ZFUklGWS1BVVRPXSBUcmlnZ2VyZWQgb24gY29ubmVjdCBmb3IgcG9ydCBDT00xMS4=|prev=18ABE213F4CCA313DA6EF7097A96EDA543DD5D15EC4E8B3E5EB8218C4DC3E0A7|hash=DFD4FE62B467B8928252D487F20A28422140D47239B8442118CB3C2ECD855796
ts=2026-04-23T07:34:00.2736209Z|cat=FIRMWARE|msg_b64=W1ZFUklGWS1BVVRPXSBTa2lwcGVkOiBzaWduZWQgZmlybXdhcmUgQVBKIG5vdCBmb3VuZC4=|prev=DFD4FE62B467B8928252D487F20A28422140D47239B8442118CB3C2ECD855796|hash=BE951ABEC1982264A0915ADEBA7BD6A57E92E2D452B8B08DC9340D42B9CFD3EB
ts=2026-04-23T07:34:01.2831714Z|cat=FIRMWARE|msg_b64=UmVhZHkuIENsaWNrIFJlZnJlc2ggRmlybXdhcmUgdG8gbG9hZCBtYW5pZmVzdC4=|prev=BE951ABEC1982264A0915ADEBA7BD6A57E92E2D452B8B08DC9340D42B9CFD3EB|hash=9341F6C2B81005EB9C855BF681E8A72D82B13C09A984373A7E4EF81D3FE8AAC0
ts=2026-04-23T07:34:22.8063872Z|cat=SESSION|msg_b64=VGVsZW1ldHJ5IGxvZ2dlciBzdG9wcGVkLg==|prev=9341F6C2B81005EB9C855BF681E8A72D82B13C09A984373A7E4EF81D3FE8AAC0|hash=3D16E42091DA4E80D5ED4FA1C805F91862B7FC57E2ECE0786C1718F620286465
ts=2026-04-23T07:37:37.2543609Z|cat=RAW|msg_b64=PT09PT09PT09PT09PT09PT09PT09PT09PT09PT09PT09PT09PT09PT09PT09PT09PQ==|prev=3D16E42091DA4E80D5ED4FA1C805F91862B7FC57E2ECE0786C1718F620286465|hash=A9EE4CD196C321D185E92AF29F479283458C15DA382F154DBE5CC2D37BEFC15F
ts=2026-04-23T07:37:37.2558631Z|cat=RAW|msg_b64=R0NTIFNlc3Npb24gU3RhcnRlZDogMjMtMDQtMjAyNiAxMzowNzozNw==|prev=A9EE4CD196C321D185E92AF29F479283458C15DA382F154DBE5CC2D37BEFC15F|hash=3257958F90C5BB7C229688A516FA546A918DA2F134ABDB52F534C5B71AD5373B
ts=2026-04-23T07:37:37.2558631Z|cat=RAW|msg_b64=PT09PT09PT09PT09PT09PT09PT09PT09PT09PT09PT09PT09PT09PT09PT09PT09PQ==|prev=3257958F90C5BB7C229688A516FA546A918DA2F134ABDB52F534C5B71AD5373B|hash=DA1B7558AC373240FBA8176C1DCC1C839D1843BB1AAD486393C808B033D1E9B5
ts=2026-04-23T07:37:37.2558631Z|cat=SESSION|msg_b64=VGVsZW1ldHJ5IGxvZ2dlciBzdGFydGVkLg==|prev=DA1B7558AC373240FBA8176C1DCC1C839D1843BB1AAD486393C808B033D1E9B5|hash=59753AB03905D01E829B95A8209D7CC7EFFDBA19233C667F4558B32F78AB634F
ts=2026-04-23T07:37:37.6338342Z|cat=FIRMWARE|msg_b64=RmlybXdhcmVUYWIgY29udGV4dCBhdHRhY2hlZC4=|prev=59753AB03905D01E829B95A8209D7CC7EFFDBA19233C667F4558B32F78AB634F|hash=34AE23D15C45557758D1A893B0526A0A3380DC6A650B1602A4F90CBB1B5D43B7
ts=2026-04-23T07:37:37.6348339Z|cat=FIRMWARE|msg_b64=TUFWIG9iamVjdDogT0s=|prev=34AE23D15C45557758D1A893B0526A0A3380DC6A650B1602A4F90CBB1B5D43B7|hash=C6D56EC517196D82CCEE1E196587AE03812D9673ACF71556E454C248CBF2ABDD
ts=2026-04-23T07:37:42.0586553Z|cat=FIRMWARE|msg_b64=RmlybXdhcmUgaW5mbyB1cGRhdGVkOiBib2FyZD1Cb2FyZElkLTU2IGlkPTU2|prev=C6D56EC517196D82CCEE1E196587AE03812D9673ACF71556E454C248CBF2ABDD|hash=C1349E275EDEDA1703BB8E59F8C5E6DFF14821254D81850FEC94A5EA45CFAD81
ts=2026-04-23T07:37:42.2512563Z|cat=FIRMWARE|msg_b64=W1ZFUklGWS1BVVRPXSBUcmlnZ2VyZWQgb24gY29ubmVjdCBmb3IgcG9ydCBDT00xMS4=|prev=C1349E275EDEDA1703BB8E59F8C5E6DFF14821254D81850FEC94A5EA45CFAD81|hash=6AE80DDC39ACEDE27584DB720F4D877AF7E6FCF8D1C8C8A5759FD18AC8FACC7D
ts=2026-04-23T07:37:42.2534217Z|cat=FIRMWARE|msg_b64=W1ZFUklGWS1BVVRPXSBTa2lwcGVkOiBzaWduZWQgZmlybXdhcmUgQVBKIG5vdCBmb3VuZC4=|prev=6AE80DDC39ACEDE27584DB720F4D877AF7E6FCF8D1C8C8A5759FD18AC8FACC7D|hash=973A1B6E59CAE72871C8C19438AD4E11AE6737D69675BE9FD6B092F7C6068A7A
ts=2026-04-23T07:38:02.1710483Z|cat=SESSION|msg_b64=VGVsZW1ldHJ5IGxvZ2dlciBzdG9wcGVkLg==|prev=973A1B6E59CAE72871C8C19438AD4E11AE6737D69675BE9FD6B092F7C6068A7A|hash=F7E6764B115E080CB8BB2A5F8C546C1917C18CE795188D14A2B4222CD61E2A7B
ts=2026-04-23T07:42:31.8860539Z|cat=RAW|msg_b64=PT09PT09PT09PT09PT09PT09PT09PT09PT09PT09PT09PT09PT09PT09PT09PT09PQ==|prev=F7E6764B115E080CB8BB2A5F8C546C1917C18CE795188D14A2B4222CD61E2A7B|hash=504DD604F320AAE0AED106E583A4FFC13E00FE1D34EABBC6C2886DD8832FBB46
ts=2026-04-23T07:42:31.8881816Z|cat=RAW|msg_b64=R0NTIFNlc3Npb24gU3RhcnRlZDogMjMtMDQtMjAyNiAxMzoxMjozMQ==|prev=504DD604F320AAE0AED106E583A4FFC13E00FE1D34EABBC6C2886DD8832FBB46|hash=5EDFBAC302CC01B71903063DBE6FDFE456E5FFB7BBF2A7C13FE2F94C4BA61009
ts=2026-04-23T07:42:31.8881816Z|cat=RAW|msg_b64=PT09PT09PT09PT09PT09PT09PT09PT09PT09PT09PT09PT09PT09PT09PT09PT09PQ==|prev=5EDFBAC302CC01B71903063DBE6FDFE456E5FFB7BBF2A7C13FE2F94C4BA61009|hash=EF09E4789AEED3D6082A3F33D7303F4C4B7768B58AA50D6216A008B4792C8271
ts=2026-04-23T07:42:31.8881816Z|cat=SESSION|msg_b64=VGVsZW1ldHJ5IGxvZ2dlciBzdGFydGVkLg==|prev=EF09E4789AEED3D6082A3F33D7303F4C4B7768B58AA50D6216A008B4792C8271|hash=7AA1755D4076E3D19C9E526EFB5BA03C3B726EA1B132AFEF37F76267A2012813
ts=2026-04-23T07:42:32.3880911Z|cat=FIRMWARE|msg_b64=RmlybXdhcmVUYWIgY29udGV4dCBhdHRhY2hlZC4=|prev=7AA1755D4076E3D19C9E526EFB5BA03C3B726EA1B132AFEF37F76267A2012813|hash=A633ECC4D6D66CFC87BDF06CB15C269DF7C8C9A55B0BC9B48D18BEB6C5A47940
ts=2026-04-23T07:42:32.3890925Z|cat=FIRMWARE|msg_b64=TUFWIG9iamVjdDogT0s=|prev=A633ECC4D6D66CFC87BDF06CB15C269DF7C8C9A55B0BC9B48D18BEB6C5A47940|hash=638D4D783FF6D8FEFDA32C6D949A6E91220CBE002DEEE69905F310AACB6F1F41
ts=2026-04-23T07:42:48.1495657Z|cat=FIRMWARE|msg_b64=RmlybXdhcmUgaW5mbyB1cGRhdGVkOiBib2FyZD1Cb2FyZElkLTU2IGlkPTU2|prev=638D4D783FF6D8FEFDA32C6D949A6E91220CBE002DEEE69905F310AACB6F1F41|hash=423C09FA282E0A1FEA8BE513C8E958DF1DC9CC5A96AF35833A28791DD29D82BC
ts=2026-04-23T07:42:48.3311570Z|cat=FIRMWARE|msg_b64=W1ZFUklGWS1BVVRPXSBUcmlnZ2VyZWQgb24gY29ubmVjdCBmb3IgcG9ydCBDT00xMS4=|prev=423C09FA282E0A1FEA8BE513C8E958DF1DC9CC5A96AF35833A28791DD29D82BC|hash=CB78FE33A4AD50DC320527FD74B3DC353FE7B76DB480CD73B254AA56040FF62D
ts=2026-04-23T07:42:48.3331756Z|cat=FIRMWARE|msg_b64=W1ZFUklGWS1BVVRPXSBTa2lwcGVkOiBzaWduZWQgZmlybXdhcmUgQVBKIG5vdCBmb3VuZC4=|prev=CB78FE33A4AD50DC320527FD74B3DC353FE7B76DB480CD73B254AA56040FF62D|hash=9B37826B49D91C9FD43BAD7FA7064B832D0AF375121BBAAF6F4F6C84F63B89F9
ts=2026-04-23T07:43:03.4362074Z|cat=SESSION|msg_b64=VGVsZW1ldHJ5IGxvZ2dlciBzdG9wcGVkLg==|prev=9B37826B49D91C9FD43BAD7FA7064B832D0AF375121BBAAF6F4F6C84F63B89F9|hash=EA8EB0C65801B8F72AED78A1A54B8B40E99C1E0ECB36FB26BC0BB682C2E3DB08
ts=2026-04-23T07:43:47.1013394Z|cat=RAW|msg_b64=PT09PT09PT09PT09PT09PT09PT09PT09PT09PT09PT09PT09PT09PT09PT09PT09PQ==|prev=EA8EB0C65801B8F72AED78A1A54B8B40E99C1E0ECB36FB26BC0BB682C2E3DB08|hash=599D91D3E4FDFFFEE39805D6F445DE911476197130B49D1AE2092A80B3B111B3
ts=2026-04-23T07:43:47.1028457Z|cat=RAW|msg_b64=R0NTIFNlc3Npb24gU3RhcnRlZDogMjMtMDQtMjAyNiAxMzoxMzo0Nw==|prev=599D91D3E4FDFFFEE39805D6F445DE911476197130B49D1AE2092A80B3B111B3|hash=DA53614DF37968C78111A39F95EDE0C54A6DC2082C452137503C9A1FE2053759
ts=2026-04-23T07:43:47.1028457Z|cat=RAW|msg_b64=PT09PT09PT09PT09PT09PT09PT09PT09PT09PT09PT09PT09PT09PT09PT09PT09PQ==|prev=DA53614DF37968C78111A39F95EDE0C54A6DC2082C452137503C9A1FE2053759|hash=D7315DDA0CC7E5964F7F436078D2DA6371B7C1CCBFADCB828E0E2F688EAB8088
ts=2026-04-23T07:43:47.1028457Z|cat=SESSION|msg_b64=VGVsZW1ldHJ5IGxvZ2dlciBzdGFydGVkLg==|prev=D7315DDA0CC7E5964F7F436078D2DA6371B7C1CCBFADCB828E0E2F688EAB8088|hash=E9EA1496AF2CB91B72069A486DFA1B198E5640B53BCADC8E9326D2DF754B5717
ts=2026-04-23T07:43:47.4995477Z|cat=FIRMWARE|msg_b64=RmlybXdhcmVUYWIgY29udGV4dCBhdHRhY2hlZC4=|prev=E9EA1496AF2CB91B72069A486DFA1B198E5640B53BCADC8E9326D2DF754B5717|hash=82EEDCD05D48632ECDB41AAA0B01633C31B0DE5929BD026EB48EDAD7D648DA05
ts=2026-04-23T07:43:47.4995477Z|cat=FIRMWARE|msg_b64=TUFWIG9iamVjdDogT0s=|prev=82EEDCD05D48632ECDB41AAA0B01633C31B0DE5929BD026EB48EDAD7D648DA05|hash=6D939823EA0FF17875DE252E2522F34D69F2319A5379BD9992AACFE8D55A33D3
ts=2026-04-23T07:43:52.0929692Z|cat=FIRMWARE|msg_b64=RmlybXdhcmUgaW5mbyB1cGRhdGVkOiBib2FyZD1Cb2FyZElkLTU2IGlkPTU2|prev=6D939823EA0FF17875DE252E2522F34D69F2319A5379BD9992AACFE8D55A33D3|hash=8EA452EE777EB2F690688FB84F0EB660DD346E4DAB495C01EF72376233387072
ts=2026-04-23T07:43:52.2776970Z|cat=FIRMWARE|msg_b64=W1ZFUklGWS1BVVRPXSBUcmlnZ2VyZWQgb24gY29ubmVjdCBmb3IgcG9ydCBDT00xMS4=|prev=8EA452EE777EB2F690688FB84F0EB660DD346E4DAB495C01EF72376233387072|hash=ABF223D3B41564BC029D3E05937B09A1C358A7482B4047299488F32276FC7889
ts=2026-04-23T07:43:52.2796966Z|cat=FIRMWARE|msg_b64=W1ZFUklGWS1BVVRPXSBTa2lwcGVkOiBzaWduZWQgZmlybXdhcmUgQVBKIG5vdCBmb3VuZC4=|prev=ABF223D3B41564BC029D3E05937B09A1C358A7482B4047299488F32276FC7889|hash=865FA7DE52D0C810E59B6A7FF0DC79804BD291E1C90F8C737AF4BBA7C2B137DE
ts=2026-04-23T07:46:05.5357354Z|cat=SESSION|msg_b64=VGVsZW1ldHJ5IGxvZ2dlciBzdG9wcGVkLg==|prev=865FA7DE52D0C810E59B6A7FF0DC79804BD291E1C90F8C737AF4BBA7C2B137DE|hash=5E438376DF30E84FCBE37A83299E351079D9D1AB0A86BEADB3379FA11CF73251
ts=2026-04-23T07:48:08.9888812Z|cat=RAW|msg_b64=PT09PT09PT09PT09PT09PT09PT09PT09PT09PT09PT09PT09PT09PT09PT09PT09PQ==|prev=5E438376DF30E84FCBE37A83299E351079D9D1AB0A86BEADB3379FA11CF73251|hash=792C7A21C0B0EE072E387D40833206E16254B3557A6C44DF4E02CE4B79D49A70
ts=2026-04-23T07:48:08.9913945Z|cat=RAW|msg_b64=R0NTIFNlc3Npb24gU3RhcnRlZDogMjMtMDQtMjAyNiAxMzoxODowOA==|prev=792C7A21C0B0EE072E387D40833206E16254B3557A6C44DF4E02CE4B79D49A70|hash=141B68A24462D282B4AC31C8A0666FF6DA608A65265E870F9082169663D0EF17
ts=2026-04-23T07:48:08.9913945Z|cat=RAW|msg_b64=PT09PT09PT09PT09PT09PT09PT09PT09PT09PT09PT09PT09PT09PT09PT09PT09PQ==|prev=141B68A24462D282B4AC31C8A0666FF6DA608A65265E870F9082169663D0EF17|hash=DD45270B2413B50DB0811C9AB1C4B178692B66A51CC8EF8CDB4E7983A3AB04C9
ts=2026-04-23T07:48:08.9913945Z|cat=SESSION|msg_b64=VGVsZW1ldHJ5IGxvZ2dlciBzdGFydGVkLg==|prev=DD45270B2413B50DB0811C9AB1C4B178692B66A51CC8EF8CDB4E7983A3AB04C9|hash=E9DA2855500844BC7B79C8FFBDC2D198DF69498152362952A70F998EB78ECAB7
ts=2026-04-23T07:48:09.3516813Z|cat=FIRMWARE|msg_b64=RmlybXdhcmVUYWIgY29udGV4dCBhdHRhY2hlZC4=|prev=E9DA2855500844BC7B79C8FFBDC2D198DF69498152362952A70F998EB78ECAB7|hash=3FCBF7972EE02B6ACFB2790CAB62E55BE20753BA449A696D8924D17E4948583F
ts=2026-04-23T07:48:09.3516813Z|cat=FIRMWARE|msg_b64=TUFWIG9iamVjdDogT0s=|prev=3FCBF7972EE02B6ACFB2790CAB62E55BE20753BA449A696D8924D17E4948583F|hash=DCA157A63173846C9C8FF9E8249EBE97A0E9D8B7C7EAF6ACB95AB1A8DFA210FC
ts=2026-04-23T07:48:13.5881544Z|cat=FIRMWARE|msg_b64=RmlybXdhcmUgaW5mbyB1cGRhdGVkOiBib2FyZD1Cb2FyZElkLTU2IGlkPTU2|prev=DCA157A63173846C9C8FF9E8249EBE97A0E9D8B7C7EAF6ACB95AB1A8DFA210FC|hash=46F94F7CEA16954D2EEBE309613208C2E41EC6DC6CCAAA608F722A6105E186E9
ts=2026-04-23T07:48:13.7702964Z|cat=FIRMWARE|msg_b64=W1ZFUklGWS1BVVRPXSBUcmlnZ2VyZWQgb24gY29ubmVjdCBmb3IgcG9ydCBDT00xMS4=|prev=46F94F7CEA16954D2EEBE309613208C2E41EC6DC6CCAAA608F722A6105E186E9|hash=B1EE735C28BDA9B2E93049591432C07088F5D26F25DA1B9BCC8B3CFBDB88CF4C
ts=2026-04-23T07:48:13.7728039Z|cat=FIRMWARE|msg_b64=W1ZFUklGWS1BVVRPXSBTa2lwcGVkOiBzaWduZWQgZmlybXdhcmUgQVBKIG5vdCBmb3VuZC4=|prev=B1EE735C28BDA9B2E93049591432C07088F5D26F25DA1B9BCC8B3CFBDB88CF4C|hash=D90926C914F38FF199BE361EA66E1C628D4E7BA27ACC46C0E87BC791DC2B0A9A
ts=2026-04-23T07:51:04.2822440Z|cat=RAW|msg_b64=PT09PT09PT09PT09PT09PT09PT09PT09PT09PT09PT09PT09PT09PT09PT09PT09PQ==|prev=D90926C914F38FF199BE361EA66E1C628D4E7BA27ACC46C0E87BC791DC2B0A9A|hash=2EE455F3EAE987CAA953521E2D596948C92E7EB99E199F78B2E1B9068E5AECA2
ts=2026-04-23T07:51:04.2834184Z|cat=RAW|msg_b64=R0NTIFNlc3Npb24gU3RhcnRlZDogMjMtMDQtMjAyNiAxMzoyMTowNA==|prev=2EE455F3EAE987CAA953521E2D596948C92E7EB99E199F78B2E1B9068E5AECA2|hash=5C871F7C23CB38F8AAB057152B44DF2EA5EFFE4D5F5B283028A8698D47B15B2C
ts=2026-04-23T07:51:04.2834184Z|cat=RAW|msg_b64=PT09PT09PT09PT09PT09PT09PT09PT09PT09PT09PT09PT09PT09PT09PT09PT09PQ==|prev=5C871F7C23CB38F8AAB057152B44DF2EA5EFFE4D5F5B283028A8698D47B15B2C|hash=DC8EFB1CE0131D3740CC63B38A57C9E8614F452DBDE8D5FFB413963D6A3543DE
ts=2026-04-23T07:51:04.2844273Z|cat=SESSION|msg_b64=VGVsZW1ldHJ5IGxvZ2dlciBzdGFydGVkLg==|prev=DC8EFB1CE0131D3740CC63B38A57C9E8614F452DBDE8D5FFB413963D6A3543DE|hash=82D4E4CDDD28E31C4504F6980AC33C1198051D7D3712E615A78EE5D7D5C120A4
ts=2026-04-23T07:51:04.6503247Z|cat=FIRMWARE|msg_b64=RmlybXdhcmVUYWIgY29udGV4dCBhdHRhY2hlZC4=|prev=82D4E4CDDD28E31C4504F6980AC33C1198051D7D3712E615A78EE5D7D5C120A4|hash=4E101CB679026D6B84225EA7A132D1384FC627D59B4BEB374AF74BC4DDB08140
ts=2026-04-23T07:51:04.6513243Z|cat=FIRMWARE|msg_b64=TUFWIG9iamVjdDogT0s=|prev=4E101CB679026D6B84225EA7A132D1384FC627D59B4BEB374AF74BC4DDB08140|hash=9C3207CA6F648A01CB6F0667DA032B62090A5C260FE6843D81CCE9F3FEC3BFEF
ts=2026-04-23T07:51:08.8743421Z|cat=FIRMWARE|msg_b64=RmlybXdhcmUgaW5mbyB1cGRhdGVkOiBib2FyZD1Cb2FyZElkLTU2IGlkPTU2|prev=9C3207CA6F648A01CB6F0667DA032B62090A5C260FE6843D81CCE9F3FEC3BFEF|hash=8304FD5FA62E584A517B9AF7CAD40C58C72A791D4658F01372F4D5265EC8F329
ts=2026-04-23T07:51:09.0397483Z|cat=FIRMWARE|msg_b64=W1ZFUklGWS1BVVRPXSBUcmlnZ2VyZWQgb24gY29ubmVjdCBmb3IgcG9ydCBDT00xMS4=|prev=8304FD5FA62E584A517B9AF7CAD40C58C72A791D4658F01372F4D5265EC8F329|hash=D5EC73175DCB97A50C64D751823808D3C7D1E0771824C7638AB27CC5C02FF626
ts=2026-04-23T07:51:09.0416044Z|cat=FIRMWARE|msg_b64=W1ZFUklGWS1BVVRPXSBTa2lwcGVkOiBzaWduZWQgZmlybXdhcmUgQVBKIG5vdCBmb3VuZC4=|prev=D5EC73175DCB97A50C64D751823808D3C7D1E0771824C7638AB27CC5C02FF626|hash=0E5F5271F90E40F77302DD23AD0CEB2C015704AC87787FA864AB913BF21D4769
ts=2026-04-23T07:55:27.6693574Z|cat=SESSION|msg_b64=VGVsZW1ldHJ5IGxvZ2dlciBzdG9wcGVkLg==|prev=0E5F5271F90E40F77302DD23AD0CEB2C015704AC87787FA864AB913BF21D4769|hash=7C52D190F7B7146F97F734C7B79A31A7A7D639FFCA5F65197047420CC4BEDD13
ts=2026-04-23T07:57:13.2262797Z|cat=RAW|msg_b64=PT09PT09PT09PT09PT09PT09PT09PT09PT09PT09PT09PT09PT09PT09PT09PT09PQ==|prev=7C52D190F7B7146F97F734C7B79A31A7A7D639FFCA5F65197047420CC4BEDD13|hash=852AE829AA82D3639DEB49846397D1C8FAEE6C2218197D8F7634ACFB684BA84C
ts=2026-04-23T07:57:13.2282913Z|cat=RAW|msg_b64=R0NTIFNlc3Npb24gU3RhcnRlZDogMjMtMDQtMjAyNiAxMzoyNzoxMw==|prev=852AE829AA82D3639DEB49846397D1C8FAEE6C2218197D8F7634ACFB684BA84C|hash=B76BEE46D2F7FD0116404466C70EDC2E2DE9ABE4CCFEAF24AC86EB908B5DADDD
ts=2026-04-23T07:57:13.2282913Z|cat=RAW|msg_b64=PT09PT09PT09PT09PT09PT09PT09PT09PT09PT09PT09PT09PT09PT09PT09PT09PQ==|prev=B76BEE46D2F7FD0116404466C70EDC2E2DE9ABE4CCFEAF24AC86EB908B5DADDD|hash=38636F54B02E8AEA81BA4C11B610BA5FF9851151FBB4FA191421A6351E807607
ts=2026-04-23T07:57:13.2282913Z|cat=SESSION|msg_b64=VGVsZW1ldHJ5IGxvZ2dlciBzdGFydGVkLg==|prev=38636F54B02E8AEA81BA4C11B610BA5FF9851151FBB4FA191421A6351E807607|hash=E4C1BE9381DD67B0B3904780AA09D0C2602A4006D6E064D308D617F65754C80A
ts=2026-04-23T07:57:13.6080027Z|cat=FIRMWARE|msg_b64=RmlybXdhcmVUYWIgY29udGV4dCBhdHRhY2hlZC4=|prev=E4C1BE9381DD67B0B3904780AA09D0C2602A4006D6E064D308D617F65754C80A|hash=07145F45E410E1B51308E7CB36A1D484A2DBE007FDC1482562ABED87ED4D5038
ts=2026-04-23T07:57:13.6080027Z|cat=FIRMWARE|msg_b64=TUFWIG9iamVjdDogT0s=|prev=07145F45E410E1B51308E7CB36A1D484A2DBE007FDC1482562ABED87ED4D5038|hash=1A2A3AFDB7066E404C6FB47FDC4213760B752E69819E467480A4652966416765
ts=2026-04-23T07:57:17.8530746Z|cat=FIRMWARE|msg_b64=RmlybXdhcmUgaW5mbyB1cGRhdGVkOiBib2FyZD1Cb2FyZElkLTU2IGlkPTU2|prev=1A2A3AFDB7066E404C6FB47FDC4213760B752E69819E467480A4652966416765|hash=EA4A39138033D0426E4C4F3F5F1CDA1543CF9949E4C0A62D586A799F3D71D2B4
ts=2026-04-23T07:57:18.0263498Z|cat=FIRMWARE|msg_b64=W1ZFUklGWS1BVVRPXSBUcmlnZ2VyZWQgb24gY29ubmVjdCBmb3IgcG9ydCBDT00xMS4=|prev=EA4A39138033D0426E4C4F3F5F1CDA1543CF9949E4C0A62D586A799F3D71D2B4|hash=3D33210F4337571A93D31C4A3724F16D4B1DA7AFD19EA2CFA583DC3CAB416367
ts=2026-04-23T07:57:18.0283712Z|cat=FIRMWARE|msg_b64=W1ZFUklGWS1BVVRPXSBTa2lwcGVkOiBzaWduZWQgZmlybXdhcmUgQVBKIG5vdCBmb3VuZC4=|prev=3D33210F4337571A93D31C4A3724F16D4B1DA7AFD19EA2CFA583DC3CAB416367|hash=7ADBB799A51FD55EFE85651936120F626E557939A63FCC51A8B57E4841B11DB1
ts=2026-04-23T08:00:16.9250080Z|cat=SESSION|msg_b64=VGVsZW1ldHJ5IGxvZ2dlciBzdG9wcGVkLg==|prev=7ADBB799A51FD55EFE85651936120F626E557939A63FCC51A8B57E4841B11DB1|hash=2AC4D7E146FEA76101543F4D8F3DDCE071F7A858F9FBA5789B66BEA7E8F536D2
ts=2026-04-23T08:01:29.1226550Z|cat=RAW|msg_b64=PT09PT09PT09PT09PT09PT09PT09PT09PT09PT09PT09PT09PT09PT09PT09PT09PQ==|prev=2AC4D7E146FEA76101543F4D8F3DDCE071F7A858F9FBA5789B66BEA7E8F536D2|hash=533BCAD0126AC4F43CC5C4FFE5B8F886A8A5024646E9ACE370C9571C82A6840D
ts=2026-04-23T08:01:29.1241672Z|cat=RAW|msg_b64=R0NTIFNlc3Npb24gU3RhcnRlZDogMjMtMDQtMjAyNiAxMzozMToyOQ==|prev=533BCAD0126AC4F43CC5C4FFE5B8F886A8A5024646E9ACE370C9571C82A6840D|hash=1BFBCE4DC3E420C5E94BCDD521EAF6710BA23A42A77FD2E23B9A598E79EAFB38
ts=2026-04-23T08:01:29.1241672Z|cat=RAW|msg_b64=PT09PT09PT09PT09PT09PT09PT09PT09PT09PT09PT09PT09PT09PT09PT09PT09PQ==|prev=1BFBCE4DC3E420C5E94BCDD521EAF6710BA23A42A77FD2E23B9A598E79EAFB38|hash=C07DAA6F6A991DB859EC2CEFB0F4FC092B5D57DC76F246D2A376AB3D2503C3FF
ts=2026-04-23T08:01:29.1241672Z|cat=SESSION|msg_b64=VGVsZW1ldHJ5IGxvZ2dlciBzdGFydGVkLg==|prev=C07DAA6F6A991DB859EC2CEFB0F4FC092B5D57DC76F246D2A376AB3D2503C3FF|hash=B167146B061C01975A9AEFA5EF960E01217C1E36B2EA40779E1D7F564D97638C
ts=2026-04-23T08:01:29.5941003Z|cat=FIRMWARE|msg_b64=RmlybXdhcmVUYWIgY29udGV4dCBhdHRhY2hlZC4=|prev=B167146B061C01975A9AEFA5EF960E01217C1E36B2EA40779E1D7F564D97638C|hash=230C852F4D6CA491C1BD05F937B3209EA14D9A52D0EEB1DF719D71513D28C0CD
ts=2026-04-23T08:01:29.5941003Z|cat=FIRMWARE|msg_b64=TUFWIG9iamVjdDogT0s=|prev=230C852F4D6CA491C1BD05F937B3209EA14D9A52D0EEB1DF719D71513D28C0CD|hash=A51AC42CD44D192F2DF7F3DC4A513FC3554F809F6364F5772C548924C07EE60C
ts=2026-04-23T08:01:34.6074924Z|cat=FIRMWARE|msg_b64=RmlybXdhcmUgaW5mbyB1cGRhdGVkOiBib2FyZD1Cb2FyZElkLTU2IGlkPTU2|prev=A51AC42CD44D192F2DF7F3DC4A513FC3554F809F6364F5772C548924C07EE60C|hash=D02D255A8C54D6FF718D73DF1214F1A35C0B1CBD55D739B3EC7C2DCA279E13E5
ts=2026-04-23T08:01:34.8011281Z|cat=FIRMWARE|msg_b64=W1ZFUklGWS1BVVRPXSBUcmlnZ2VyZWQgb24gY29ubmVjdCBmb3IgcG9ydCBDT00xMS4=|prev=D02D255A8C54D6FF718D73DF1214F1A35C0B1CBD55D739B3EC7C2DCA279E13E5|hash=76783E368F6ABA7C35B40D143BB2D78E3CBB420431C11DF7FBF595342E28019A
ts=2026-04-23T08:01:34.8031349Z|cat=FIRMWARE|msg_b64=W1ZFUklGWS1BVVRPXSBTa2lwcGVkOiBzaWduZWQgZmlybXdhcmUgQVBKIG5vdCBmb3VuZC4=|prev=76783E368F6ABA7C35B40D143BB2D78E3CBB420431C11DF7FBF595342E28019A|hash=10B16CE4FB4A95DC19D87545DEEAC5725077126237392BBE112FEC9E981AE156
ts=2026-04-23T08:03:40.4942578Z|cat=RAW|msg_b64=PT09PT09PT09PT09PT09PT09PT09PT09PT09PT09PT09PT09PT09PT09PT09PT09PQ==|prev=10B16CE4FB4A95DC19D87545DEEAC5725077126237392BBE112FEC9E981AE156|hash=6579663EE90F7DE0E9025E82BED2C6CB56C79BD9067DBFB4FCDC9C0E118A8961
ts=2026-04-23T08:03:40.4952581Z|cat=RAW|msg_b64=R0NTIFNlc3Npb24gU3RhcnRlZDogMjMtMDQtMjAyNiAxMzozMzo0MA==|prev=6579663EE90F7DE0E9025E82BED2C6CB56C79BD9067DBFB4FCDC9C0E118A8961|hash=728E9DF77994A0D849F9257CD271E4217981AD627DCAB112E71929C3CEF1DB32
ts=2026-04-23T08:03:40.4952581Z|cat=RAW|msg_b64=PT09PT09PT09PT09PT09PT09PT09PT09PT09PT09PT09PT09PT09PT09PT09PT09PQ==|prev=728E9DF77994A0D849F9257CD271E4217981AD627DCAB112E71929C3CEF1DB32|hash=78F42F7371589AF274A236BB4DBC037ED83D02E6F3CE1749595217DAEEDE956F
ts=2026-04-23T08:03:40.4952581Z|cat=SESSION|msg_b64=VGVsZW1ldHJ5IGxvZ2dlciBzdGFydGVkLg==|prev=78F42F7371589AF274A236BB4DBC037ED83D02E6F3CE1749595217DAEEDE956F|hash=D7C783239F7E9C378EE976D12EF47163294E85BADEBCEE222CFBB26D1CB74298
ts=2026-04-23T08:03:40.8957041Z|cat=FIRMWARE|msg_b64=RmlybXdhcmVUYWIgY29udGV4dCBhdHRhY2hlZC4=|prev=D7C783239F7E9C378EE976D12EF47163294E85BADEBCEE222CFBB26D1CB74298|hash=A621F1F48330FFDF00EBFFAD28D99DD7FF4DBA06D59A79C76B5E760B92B6165F
ts=2026-04-23T08:03:40.8967741Z|cat=FIRMWARE|msg_b64=TUFWIG9iamVjdDogT0s=|prev=A621F1F48330FFDF00EBFFAD28D99DD7FF4DBA06D59A79C76B5E760B92B6165F|hash=4699D8F895A94622BF176F37765FB9F37FA699443CEB661CEE003E3A7CB1BD43
ts=2026-04-23T08:03:45.3836197Z|cat=FIRMWARE|msg_b64=RmlybXdhcmUgaW5mbyB1cGRhdGVkOiBib2FyZD1Cb2FyZElkLTU2IGlkPTU2|prev=4699D8F895A94622BF176F37765FB9F37FA699443CEB661CEE003E3A7CB1BD43|hash=9C058AF901B9BEEE9544657B1930C99BDAE15D027926543AEDFEDC81E48B509B
ts=2026-04-23T08:03:45.5529800Z|cat=FIRMWARE|msg_b64=W1ZFUklGWS1BVVRPXSBUcmlnZ2VyZWQgb24gY29ubmVjdCBmb3IgcG9ydCBDT00xMS4=|prev=9C058AF901B9BEEE9544657B1930C99BDAE15D027926543AEDFEDC81E48B509B|hash=4DB58366AAA67887FE62EF0E649A4D20CEBFE8C55899CDE62BF3516961EC1561
ts=2026-04-23T08:03:45.5559811Z|cat=FIRMWARE|msg_b64=W1ZFUklGWS1BVVRPXSBTa2lwcGVkOiBzaWduZWQgZmlybXdhcmUgQVBKIG5vdCBmb3VuZC4=|prev=4DB58366AAA67887FE62EF0E649A4D20CEBFE8C55899CDE62BF3516961EC1561|hash=68010CF1A71C2B9BBE67DAA059100C7A9D929559F76B69B12F53DF8F9198C63E
ts=2026-04-23T08:05:18.8295991Z|cat=SESSION|msg_b64=VGVsZW1ldHJ5IGxvZ2dlciBzdG9wcGVkLg==|prev=68010CF1A71C2B9BBE67DAA059100C7A9D929559F76B69B12F53DF8F9198C63E|hash=376C6A9BCC34816884FC821E7680E5F16944867FDD4302E21579E7A21ED77C41
ts=2026-04-23T08:06:09.5727524Z|cat=RAW|msg_b64=PT09PT09PT09PT09PT09PT09PT09PT09PT09PT09PT09PT09PT09PT09PT09PT09PQ==|prev=376C6A9BCC34816884FC821E7680E5F16944867FDD4302E21579E7A21ED77C41|hash=D41E6E2CD451E868D0E96F7CCF89083001F927A42F770AC0DB6D1346528F2470
ts=2026-04-23T08:06:09.5747512Z|cat=RAW|msg_b64=R0NTIFNlc3Npb24gU3RhcnRlZDogMjMtMDQtMjAyNiAxMzozNjowOQ==|prev=D41E6E2CD451E868D0E96F7CCF89083001F927A42F770AC0DB6D1346528F2470|hash=2E7E725F01F7D58B4A738E79F466518131CA78370D0487A0E78C761E757B9A90
ts=2026-04-23T08:06:09.5747512Z|cat=RAW|msg_b64=PT09PT09PT09PT09PT09PT09PT09PT09PT09PT09PT09PT09PT09PT09PT09PT09PQ==|prev=2E7E725F01F7D58B4A738E79F466518131CA78370D0487A0E78C761E757B9A90|hash=F686D985C146C32E8563E04B26226E477340E621FF38069AAAAA4579A8CC9A51
ts=2026-04-23T08:06:09.5747512Z|cat=SESSION|msg_b64=VGVsZW1ldHJ5IGxvZ2dlciBzdGFydGVkLg==|prev=F686D985C146C32E8563E04B26226E477340E621FF38069AAAAA4579A8CC9A51|hash=92ECDE83C0AF2E314146E55B040E460F0C103B7D1C95FE7D883E01FEBB67A1D3
ts=2026-04-23T08:06:09.9419303Z|cat=FIRMWARE|msg_b64=RmlybXdhcmVUYWIgY29udGV4dCBhdHRhY2hlZC4=|prev=92ECDE83C0AF2E314146E55B040E460F0C103B7D1C95FE7D883E01FEBB67A1D3|hash=621ECACF6C3F394B66604EC5A0BB486B73AD061332504B236D3D67523BF1AC65
ts=2026-04-23T08:06:09.9429292Z|cat=FIRMWARE|msg_b64=TUFWIG9iamVjdDogT0s=|prev=621ECACF6C3F394B66604EC5A0BB486B73AD061332504B236D3D67523BF1AC65|hash=BCBAEE7E113E3F969F194449ABE902D3C0E9CE2A515045282021B917C7831511
ts=2026-04-23T08:06:19.8241453Z|cat=FIRMWARE|msg_b64=RmlybXdhcmUgaW5mbyB1cGRhdGVkOiBib2FyZD1Cb2FyZElkLTU2IGlkPTU2|prev=BCBAEE7E113E3F969F194449ABE902D3C0E9CE2A515045282021B917C7831511|hash=FB5CCBBD0508B7FA209EECEA7AC57D50D539DFB3B69758F1FFBA5216D510502B
ts=2026-04-23T08:06:20.0160759Z|cat=FIRMWARE|msg_b64=W1ZFUklGWS1BVVRPXSBUcmlnZ2VyZWQgb24gY29ubmVjdCBmb3IgcG9ydCBDT00xMS4=|prev=FB5CCBBD0508B7FA209EECEA7AC57D50D539DFB3B69758F1FFBA5216D510502B|hash=82744EA81D9C769562B5A6C910FC291275D948A0CAE1510AD0AC46961F59BD11
ts=2026-04-23T08:06:20.0180837Z|cat=FIRMWARE|msg_b64=W1ZFUklGWS1BVVRPXSBTa2lwcGVkOiBzaWduZWQgZmlybXdhcmUgQVBKIG5vdCBmb3VuZC4=|prev=82744EA81D9C769562B5A6C910FC291275D948A0CAE1510AD0AC46961F59BD11|hash=DC8B4BF8D2C71E31A6F45EB432F4929684A047EE9600531C5F17546FEE938FB5
ts=2026-04-23T08:09:12.8717958Z|cat=SESSION|msg_b64=VGVsZW1ldHJ5IGxvZ2dlciBzdG9wcGVkLg==|prev=DC8B4BF8D2C71E31A6F45EB432F4929684A047EE9600531C5F17546FEE938FB5|hash=8AC6C045709829ADFD69C06EC487838E3F63618927EBBE7EF51F410D8B1CDA23
